[startours.co.uk/index.html]
[backblue.gif]
[fade.gif]
[index.html]
[startours.co.uk/scripts/vendor/jquery-3.3.1.min.js]
[startours.co.uk/scripts/vendor/jqueryBase64.js]
[startours.co.uk/virtual/bundles/all-stylesf90e.css]
[use.typekit.net/mzb3oky.css]
[connect.facebook.net/en_US/fbevents.js]
[startours.co.uk/images/favicon/apple-touch-icon-57x57.png]
[startours.co.uk/images/favicon/apple-touch-icon-60x60.png]
[startours.co.uk/images/favicon/apple-touch-icon-72x72.png]
[startours.co.uk/images/favicon/apple-touch-icon-76x76.png]
[startours.co.uk/images/favicon/apple-touch-icon-114x114.png]
[startours.co.uk/images/favicon/apple-touch-icon-120x120.png]
[startours.co.uk/images/favicon/apple-touch-icon-144x144.png]
[startours.co.uk/images/favicon/apple-touch-icon-152x152.png]
[startours.co.uk/images/favicon/apple-touch-icon-180x180.png]
[startours.co.uk/images/favicon/favicon-32x32.png]
[startours.co.uk/images/favicon/coast-228x228.png]
[startours.co.uk/images/favicon/android-chrome-192x192.png]
[startours.co.uk/images/favicon/favicon-16x16.png]
[startours.co.uk/images/favicon/site.webmanifest]
[startours.co.uk/images/favicon/safari-pinned-tab.svg]
[startours.co.uk/images/favicon/yandex-browser-manifest.json]
[widget.trustpilot.com/bootstrap/v5/tp.widget.bootstrap.min.js]
[startours.co.uk/Content/Logos/Star_Tours_Logo_White.png]
[startours.co.uk/Content/Logos/Star_Tours_Icon.png]
[startours.co.uk/contact-us.html]
[startours.co.uk/holidays/Coach-Holidays.html]
[startours.co.uk/holidays/Duration-1-4-Days.html]
[startours.co.uk/holidays/Duration-5-8-Days.html]
[startours.co.uk/holidays/Duration-9-11-Days.html]
[startours.co.uk/holidays/Duration-12-Days-Plus.html]
[startours.co.uk/holidays/Flight-Holidays.html]
[startours.co.uk/holidays/Eurostar.html]
[startours.co.uk/holidays/North-and-South-America.html]
[startours.co.uk/holidays/UK-Holidays.html]
[startours.co.uk/holidays/Worldwide-Group-Holidays.html]
[startours.co.uk/destinations.html]
[startours.co.uk/destinations/abu-dhabi.html]
[startours.co.uk/destinations/argentina.html]
[startours.co.uk/destinations/australia.html]
[startours.co.uk/destinations/austria.html]
[startours.co.uk/destinations/belgium.html]
[startours.co.uk/destinations/brazil.html]
[startours.co.uk/destinations/cambodia.html]
[startours.co.uk/destinations/canada.html]
[startours.co.uk/destinations/china.html]
[startours.co.uk/destinations/czech-republic.html]
[startours.co.uk/destinations/denmark.html]
[startours.co.uk/destinations/egypt.html]
[startours.co.uk/destinations/finland.html]
[startours.co.uk/holidays.html]
[startours.co.uk/destinations/france.html]
[startours.co.uk/destinations/germany.html]
[startours.co.uk/destinations/holland.html]
[startours.co.uk/destinations/hungary.html]
[startours.co.uk/destinations/iceland.html]
[startours.co.uk/destinations/italy.html]
[startours.co.uk/destinations/japan.html]
[startours.co.uk/destinations/liechtenstein.html]
[startours.co.uk/destinations/luxembourg.html]
[startours.co.uk/destinations/malaysia.html]
[startours.co.uk/destinations/monaco.html]
[startours.co.uk/destinations/morocco.html]
[startours.co.uk/destinations/netherlands.html]
[startours.co.uk/destinations/new-zealand.html]
[startours.co.uk/destinations/peru.html]
[startours.co.uk/destinations/poland.html]
[startours.co.uk/destinations/scotland.html]
[startours.co.uk/destinations/spain.html]
[startours.co.uk/destinations/sweden.html]
[startours.co.uk/destinations/switzerland.html]
[startours.co.uk/destinations/thailand.html]
[startours.co.uk/destinations/turkey.html]
[startours.co.uk/destinations/united-kingdom.html]
[startours.co.uk/destinations/united-states.html]
[startours.co.uk/destinations/vietnam.html]
[startours.co.uk/visas.html]
[startours.co.uk/chauffeured-coach-and-minibus-hire.html]
[startours.co.uk/how-to-book.html]
[startours.co.uk/general-information.html]
[startours.co.uk/awards-and-accreditations.html]
[startours.co.uk/about-us.html]
[startours.co.uk/frequently-asked-questions.html]
[startours.co.uk/download.html]
[startours.co.uk/pick-up-points.html]
[startours.co.uk/Content/Images/phone-icon.png]
[startours.co.uk/vote-for-us.html]
[startours.co.uk/Content/Downloads/bta24_vote_to_enter_150x150.png]
[startours.co.uk/Content/Images/Slides/dreamstime_xl_44904910_1920x700.jpg]
[startours.co.uk/Content/Images/Slides/dreamstime_xl_34006495_1920x700.jpg]
[startours.co.uk/Content/Images/Slides/dreamstime_xl_87505446_1920x700.jpg]
[startours.co.uk/Content/Images/Slides/dreamstime_l_137613902_1920x700.jpg]
[startours.co.uk/tour/Best-of-Europe-with-Disney-2.html]
[startours.co.uk/Content/Images/Adobe_290052478.png]
[startours.co.uk/indexedd7.html]
[startours.co.uk/index0490.html]
[startours.co.uk/tour/04-Days-Historic-Scotland.html]
[startours.co.uk/indexbb7b.html]
[startours.co.uk/Content/Images/Destinations/AdobeStock_328997695_400x550.png]
[startours.co.uk/tour/05-Days-Panoramic-Europe.html]
[startours.co.uk/Content/Images/Destinations/AdobeStock_91735897_400x550.png]
[startours.co.uk/tour/04-Days-Disneyland-Special.html]
[startours.co.uk/Content/Images/Destinations/Adobe_367793673_France_400x550.png]
[startours.co.uk/tour/09-Days-Treasures-of-Europe.html]
[startours.co.uk/Content/Images/Destinations/Adobe_290052478_400x550.png]
[startours.co.uk/tour/01-Day-London-Sightseeing.html]
[startours.co.uk/Content/Images/Destinations/Adobe_108472954_UK_400x550.png]
[startours.co.uk/tour/05-Days-Charms-of-Europe.html]
[startours.co.uk/Content/Images/Destinations/Swiss(30)_400x550.jpg]
[startours.co.uk/tour/05-Days-Scottish-Highlands.html]
[startours.co.uk/Content/Images/Destinations/dreamstime_xl_161262963_400x550.jpg]
[startours.co.uk/tour/02-Days-Scenic-Snowdonia.html]
[startours.co.uk/Content/Images/Slides/dreamstime_xl_38223416_400x550.jpg]
[startours.co.uk/tour/03-Days-Devon-Cornwall.html]
[startours.co.uk/Content/Images/Destinations/AdobeStock_128512569_400x550.png]
[startours.co.uk/tour/03-Days-Paris-Three-Days.html]
[startours.co.uk/Content/Images/Destinations/paris(2)_400x550.jpg]
[startours.co.uk/tour/04-Days-Paris-Four-Days.html]
[startours.co.uk/Content/Images/Destinations/dreamstime_l_20387344_400x550.jpg]
[startours.co.uk/tour/03-Days-Northern-Landscapes.html]
[startours.co.uk/Content/Images/Slides/dreamstime_xl_99004784_400x550.jpg]
[startours.co.uk/tour/06-Days-Scenic-Swiss.html]
[startours.co.uk/Content/Images/Destinations/dreamstime_xxl_20864755_400x550.jpg]
[startours.co.uk/tour/03-Days-Holland-Belgium-By-Eurostar.html]
[startours.co.uk/Content/Images/Destinations/dreamstime_xxl_27769681_400x550.jpg]
[startours.co.uk/tour/09-Days-Swiss-Paris.html]
[startours.co.uk/Content/Images/Slides/dreamstime_xl_81343894_400x550.jpg]
[startours.co.uk/Content/Images/Destinations/AdobeStock_275911167_400x550.png]
[startours.co.uk/tour/06-Days-Italy-By-Flight.html]
[startours.co.uk/Content/Images/Destinations/AdobeStock_102965267_400x550.png]
[startours.co.uk/tour/04-Days-Swiss-Special-2022.html]
[startours.co.uk/Content/Images/Destinations/Adobe_222434823_Switzerland_400x550.png]
[startours.co.uk/tour/09-Days-Discover-Europe-without-Disney.html]
[startours.co.uk/Content/Images/Destinations/AdobeStock_176946998_400x550.png]
[startours.co.uk/tour/08-Days-Scenic-Japan.html]
[startours.co.uk/Content/Images/Destinations/AdobeStock_250052648_400x550.png]
[startours.co.uk/tour/05-Days-Panoramic-Europe-by-Eurostar.html]
[startours.co.uk/tour/07-Days-Lakes-Valleys.html]
[startours.co.uk/Content/Images/Destinations/AdobeStock_122515021_400x550.png]
[startours.co.uk/tour/05-Discover-Dubai-2.html]
[startours.co.uk/Content/Images/Destinations/dreamstime_xl_73435200_400x550.jpg]
[startours.co.uk/tour/03-Days-Paris-via-Eurostar.html]
[startours.co.uk/Content/Images/Slides/dreamstime_xl_59558966_710x550.jpg]
[startours.co.uk/Content/Images/Destinations/Swiss5754_710x550.jpg]
[startours.co.uk/Content/Images/AdobeStock_341668345_467x550.png]
[startours.co.uk/tour/USA-East-Coast.html]
[startours.co.uk/Content/Images/Destinations/NewYork_467x550.jpg]
[startours.co.uk/tour/Australia-New-Zealand.html]
[startours.co.uk/Content/Images/Slides/dreamstime_xl_87505446_467x550.jpg]
[startours.co.uk/Content/Images/ee91cace-223c-4354-afee-b59a32072d09_1660x650.jpg]
[startours.co.uk/Content/Images/WTAHomepage.png]
[startours.co.uk/Content/Images/dreamstime_xl_49641217_540x380.jpg]
[startours.co.uk/Content/Images/dreamstime_l_295484266_540x380.jpg]
[startours.co.uk/Content/Images/500-1.1_467x550_3.png]
[startours.co.uk/Content/Images/WhatsAppImage2023-07-14at20.19.41_467x550.jpg]
[startours.co.uk/Content/Images/dreamstime_l_295484266_467x550.jpg]
[startours.co.uk/payment-details.html]
[startours.co.uk/groups-and-communities.html]
[startours.co.uk/careers.html]
[startours.co.uk/Content/Logos/Trustpilot_Logo.png]
[startours.co.uk/cookie-policy.html]
[startours.co.uk/privacy-policy.html]
[startours.co.uk/terms-and-conditions.html]
[startours.co.uk/Content/Logos/Sage_Logo_Black.png]
[startours.co.uk/Content/Logos/Comodo_Logo_Black.png]
[startours.co.uk/Content/Logos/ABTA_Logo_Black.png]
[startours.co.uk/Content/Logos/ASTA_Logo_Black.png]
[startours.co.uk/Content/Logos/IATAN_Logo_Black.png]
[startours.co.uk/Content/Logos/Opayo_Logo.png]
[startours.co.uk/Images/atol_logo.jpg]
[startours.co.uk/Content/Logos/Visa_Logo.png]
[startours.co.uk/Content/Logos/Mastercard_Logo.png]
[startours.co.uk/Content/Logos/Maestro_Logo.png]
[startours.co.uk/Content/Logos/American_Express_Logo.png]
[startours.co.uk/virtual/bundles/all-scriptse419]
[connect.facebook.net/en_GB/sdk/xfbml.customerchat.js]
[v4in1-si.click4assistance.co.uk/SI.js]
[startours.co.uk/index.html]
[startours.co.uk/fonts/fa-brands-400.eot]
[startours.co.uk/fonts/fa-brands-400d41d.eot]
[startours.co.uk/fonts/fa-brands-400.woff2]
[startours.co.uk/fonts/fa-brands-400.woff]
[startours.co.uk/fonts/fa-brands-400.ttf]
[startours.co.uk/fonts/fa-duotone-900.eot]
[startours.co.uk/fonts/fa-brands-400.svg]
[startours.co.uk/fonts/fa-duotone-900d41d.eot]
[startours.co.uk/fonts/fa-duotone-900.woff2]
[startours.co.uk/fonts/fa-duotone-900.woff]
[startours.co.uk/fonts/fa-duotone-900.ttf]
[startours.co.uk/fonts/fa-duotone-900.svg]
[startours.co.uk/fonts/fa-light-300.eot]
[startours.co.uk/fonts/fa-light-300.woff2]
[startours.co.uk/fonts/fa-light-300d41d.eot]
[startours.co.uk/fonts/fa-light-300.woff]
[startours.co.uk/fonts/fa-light-300.ttf]
[startours.co.uk/fonts/fa-light-300.svg]
[startours.co.uk/fonts/fa-regular-400.eot]
[startours.co.uk/fonts/fa-regular-400.woff2]
[startours.co.uk/fonts/fa-regular-400d41d.eot]
[startours.co.uk/fonts/fa-regular-400.woff]
[startours.co.uk/fonts/fa-regular-400.ttf]
[startours.co.uk/fonts/fa-regular-400.svg]
[startours.co.uk/fonts/fa-solid-900.eot]
[startours.co.uk/fonts/fa-solid-900.woff2]
[startours.co.uk/fonts/fa-solid-900d41d.eot]
[startours.co.uk/fonts/fa-solid-900.woff]
[startours.co.uk/fonts/fa-solid-900.ttf]
[startours.co.uk/virtual/bundles/ajax-loader.gif]
[startours.co.uk/virtual/bundles/fonts/slick.eot]
[startours.co.uk/virtual/bundles/fonts/slickd41d.eot]
[startours.co.uk/fonts/fa-solid-900.svg]
[startours.co.uk/virtual/bundles/fonts/slick.woff]
[startours.co.uk/virtual/bundles/fonts/slick.ttf]
[startours.co.uk/virtual/bundles/fonts/slick.svg]
[startours.co.uk/content/images/message-icon.png]
[startours.co.uk/virtual/bundles/all-stylesf90e.css]
[use.typekit.net/af/5cd7e7/00000000000000007735adac/30/l6129]
[use.typekit.net/af/5cd7e7/00000000000000007735adac/30/d6129]
[use.typekit.net/af/5cd7e7/00000000000000007735adac/30/a6129]
[use.typekit.net/af/d4a208/00000000000000007735adad/30/l885e]
[use.typekit.net/af/d4a208/00000000000000007735adad/30/d885e]
[use.typekit.net/af/45f6ea/00000000000000007735adaf/30/l0d33]
[use.typekit.net/af/d4a208/00000000000000007735adad/30/a885e]
[use.typekit.net/af/45f6ea/00000000000000007735adaf/30/d0d33]
[use.typekit.net/af/da4036/00000000000000007735adb3/30/l49af]
[use.typekit.net/af/45f6ea/00000000000000007735adaf/30/a0d33]
[use.typekit.net/af/da4036/00000000000000007735adb3/30/d49af]
[use.typekit.net/af/272149/00000000000000007735adb1/30/l3eab]
[use.typekit.net/af/da4036/00000000000000007735adb3/30/a49af]
[use.typekit.net/af/272149/00000000000000007735adb1/30/d3eab]
[use.typekit.net/af/6bc5ed/00000000000000007735adb4/30/laaa3]
[use.typekit.net/af/272149/00000000000000007735adb1/30/a3eab]
[use.typekit.net/af/6bc5ed/00000000000000007735adb4/30/daaa3]
[use.typekit.net/af/6bc5ed/00000000000000007735adb4/30/aaaa3]
[use.typekit.net/af/7ab864/00000000000000007735adb2/30/lfdcc]
[use.typekit.net/af/7ab864/00000000000000007735adb2/30/dfdcc]
[use.typekit.net/af/7e8d8a/00000000000000007735adb8/30/le196]
[use.typekit.net/af/7ab864/00000000000000007735adb2/30/afdcc]
[use.typekit.net/af/7e8d8a/00000000000000007735adb8/30/de196]
[use.typekit.net/af/7e8d8a/00000000000000007735adb8/30/ae196]
[use.typekit.net/af/f9d419/00000000000000007735adbb/30/laf99]
[use.typekit.net/af/f9d419/00000000000000007735adbb/30/daf99]
[use.typekit.net/af/165087/00000000000000007735adc0/30/le003]
[use.typekit.net/af/f9d419/00000000000000007735adbb/30/aaf99]
[use.typekit.net/af/165087/00000000000000007735adc0/30/de003]
[use.typekit.net/af/08b319/00000000000000007735adc3/30/l1f8b]
[use.typekit.net/af/165087/00000000000000007735adc0/30/ae003]
[use.typekit.net/af/08b319/00000000000000007735adc3/30/d1f8b]
[use.typekit.net/af/6780d0/00000000000000007735adc6/30/l5bba]
[use.typekit.net/af/08b319/00000000000000007735adc3/30/a1f8b]
[use.typekit.net/af/6780d0/00000000000000007735adc6/30/d5bba]
[use.typekit.net/af/6780d0/00000000000000007735adc6/30/a5bba]
[use.typekit.net/af/e51fb7/00000000000000007735adc9/30/l652f]
[use.typekit.net/af/e51fb7/00000000000000007735adc9/30/d652f]
[use.typekit.net/af/e51fb7/00000000000000007735adc9/30/a652f]
[use.typekit.net/af/8ac9a7/00000000000000007735adcc/30/le265]
[use.typekit.net/af/8ac9a7/00000000000000007735adcc/30/de265]
[use.typekit.net/af/858990/00000000000000007735adcf/30/lc150]
[use.typekit.net/af/8ac9a7/00000000000000007735adcc/30/ae265]
[use.typekit.net/af/858990/00000000000000007735adcf/30/dc150]
[use.typekit.net/af/a44718/00000000000000007735add2/30/lca71]
[use.typekit.net/af/858990/00000000000000007735adcf/30/ac150]
[use.typekit.net/af/a44718/00000000000000007735add2/30/dca71]
[use.typekit.net/mzb3oky.css]
[www.googletagmanager.com/gtm5445.html]
[use.typekit.net/af/a44718/00000000000000007735add2/30/aca71]
[startours.co.uk/a.106.delayed]
[startours.co.uk/POST]
[startours.co.uk/b.resolvedLink]
[startours.co.uk/signals/iwl.js]
[connect.facebook.net/en_US/fbevents.js]
[startours.co.uk/images/favicon/safari-pinned-tab.svg]
[startours.co.uk/xhr.js]
[startours.co.uk/GET]
[startours.co.uk/lib/widget-management.js]
[widget.trustpilot.com/bootstrap/v5/tp.widget.bootstrap.min.js]
[startours.co.uk/Content/Images/Slides/Shutterstock_454545341_1920x700.png]
[startours.co.uk/cdn-cgi/l/email-protection.html]
[startours.co.uk/Content/Images/Untitled-1_467x550_18.png]
[startours.co.uk/Content/Images/AdobeStock_52461582_467x550.png]
[startours.co.uk/Content/Images/242521_508785245815902_1996108918_o_467x550.jpg]
[startours.co.uk/contact-us.html]
[startours.co.uk/cdn-cgi/scripts/5c5dd728/cloudflare-static/email-decode.min.js]
[startours.co.uk/Content/Images/Slides/AdobeStock_102965267_1920x700.png]
[startours.co.uk/tour/10-Days-Wonders-of-Europe.html]
[startours.co.uk/tour/01-Day-Blackpool-Pleasure-Beach.html]
[startours.co.uk/Content/Images/Destinations/dreamstime_xxl_291388828_345x410.jpg]
[startours.co.uk/tour/01-day-bournemouth-durdle-door.html]
[startours.co.uk/Content/Images/Destinations/AdobeStock_567860744_345x410.png]
[startours.co.uk/tour/01-Day-Isle-of-Wight.html]
[startours.co.uk/Content/Images/Destinations/dreamstime_xl_18393491_345x410.jpg]
[startours.co.uk/Content/Images/Slides/dreamstime_xl_108033615_345x410.jpg]
[startours.co.uk/tour/01-Day-Cotswold.html]
[startours.co.uk/Content/Images/Destinations/dreamstime_xl_96537155_345x410.jpg]
[startours.co.uk/tour/01-Day-Windsor-Stonehenge-Bath.html]
[startours.co.uk/Content/Images/Destinations/AdobeStock_242803146_345x410_1.png]
[startours.co.uk/Content/Images/Slides/dreamstime_xl_38223416_345x410.jpg]
[startours.co.uk/Content/Images/Destinations/AdobeStock_128512569.png]
[startours.co.uk/tour/03-Days-Essence-of-Holland-Belgium.html]
[startours.co.uk/Content/Images/Destinations/dreamstime_xxl_27769681_345x410.jpg]
[startours.co.uk/tour/03-Days-Jewels-of-Scotland-England.html]
[startours.co.uk/Content/Images/Destinations/AdobeStock_108482727_345x410_1.png]
[startours.co.uk/tour/03-Days-Lake-District.html]
[startours.co.uk/Content/Images/Destinations/dreamstime_xl_48059771_345x410.jpg]
[startours.co.uk/tour/London-Package.html]
[startours.co.uk/Content/Images/Slides/dreamstime_xl_34006495_345x410.jpg]
[startours.co.uk/Content/Images/Slides/dreamstime_xl_144592449_345x410.jpg]
[startours.co.uk/Content/Images/Destinations/AdobeStock_414788353_Editorial_Use_Only.png]
[startours.co.uk/tour/03-Days-Paris-City-Break.html]
[startours.co.uk/Content/Images/Destinations/dreamstime_xl_40362552_345x410.jpg]
[startours.co.uk/Content/Images/Slides/dreamstime_l_88501975_345x410.jpg]
[startours.co.uk/Content/Images/Destinations/AdobeStock_328997695_345x410_1.png]
[startours.co.uk/Content/Images/Destinations/dreamstime_xl_130401180_345x410.jpg]
[startours.co.uk/tour/04-Days-Serene-Europe.html]
[startours.co.uk/Content/Images/Slides/dreamstime_xl_76744162_345x410.jpg]
[startours.co.uk/tour/05-days-charms-of-europe-2.html]
[startours.co.uk/Content/Images/Destinations/bern_345x410_1.jpg]
[startours.co.uk/Content/Images/Slides/dreamstime_xl_98823420_345x410.jpg]
[startours.co.uk/Content/Images/Slides/AdobeStock_122515021_345x410.png]
[startours.co.uk/tour/05-Days-Swiss-Alpine.html]
[startours.co.uk/Content/Images/Destinations/dreamstime_xxl_20864755_345x410.jpg]
[startours.co.uk/tour/05-Days-Swiss-Express.html]
[startours.co.uk/Content/Images/Slides/swiss(8)_345x410.jpg]
[startours.co.uk/tour/05-Days-Three-Capitals-with-Disney.html]
[startours.co.uk/Content/Images/Slides/dreamstime_xl_76744078_345x410.jpg]
[startours.co.uk/tour/05-Days-Three-Capitals.html]
[startours.co.uk/Content/Images/Destinations/dreamstime_xxl_27769681_345x410_1.jpg]
[startours.co.uk/Content/Images/Destinations/dreamstime_xl_40362552_345x410_2.jpg]
[startours.co.uk/tour/best-of-europe.html]
[startours.co.uk/Content/Images/Destinations/dreamstime_xl_72534487_345x410.jpg]
[startours.co.uk/tour/07-Days-European-Highlights-with-Disney.html]
[startours.co.uk/Content/Images/Slides/dreamstime_xl_35189989_345x410.jpg]
[startours.co.uk/tour/07-Days-European-Highlights.html]
[startours.co.uk/Content/Images/Destinations/AdobeStock_414788353_Editorial_Use_Only_345x410_1.png]
[startours.co.uk/Content/Images/Destinations/dreamstime_xl_161262963_345x410.jpg]
[startours.co.uk/tour/09-Days-Discover-Europe.html]
[startours.co.uk/Content/Images/Xmas/dreamstime_xl_234879031_345x410.jpg]
[startours.co.uk/Content/Images/Destinations/pARIS(33)_345x410.jpg]
[startours.co.uk/Content/Images/Destinations/dreamstime_xl_39946349_345x410.jpg]
[startours.co.uk/Content/Images/Destinations/AdobeStock_134010278_345x410_2.png]
[startours.co.uk/tour/12-Days-European-Delights-with-Disney.html]
[startours.co.uk/Content/Images/Destinations/AdobeStock_91735897_345x410_1.png]
[startours.co.uk/tour/12-Days-European-Delights-without-Disney.html]
[startours.co.uk/Content/Images/Destinations/paris(2)_345x410.jpg]
[startours.co.uk/tour/14-Days-Majestic-Europe-with-Disney.html]
[startours.co.uk/Content/Images/Destinations/AdobeStock_404554585_345x410_1.png]
[startours.co.uk/tour/14-Days-Majestic-Europe-without-Disney.html]
[startours.co.uk/Content/Images/Slides/dreamstime_xl_44904910_345x410.jpg]
[startours.co.uk/tour/15-Days-All-of-Europe.html]
[startours.co.uk/Content/Images/Destinations/dreamstime_xl_39946349_345x410_1.jpg]
[startours.co.uk/tour/16-Days-Splendours-of-Europe-with-Disney.html]
[startours.co.uk/Content/Images/Destinations/AdobeStock_529681766_Editorial_Use_Only.png]
[startours.co.uk/tour/16-Days-Splendours-of-Europe.html]
[startours.co.uk/Content/Images/Destinations/AdobeStock_259265797.png]
[startours.co.uk/tour/18-Days-Grand-Europe-with-Disney.html]
[startours.co.uk/Content/Images/Destinations/AdobeStock_145985341_345x410_1.png]
[startours.co.uk/tour/18-days-Grand-Europe.html]
[startours.co.uk/Content/Images/Destinations/AdobeStock_127442274_Liechtenstein_345x410_2.png]
[startours.co.uk/Content/Images/Untitled-1_467x550_25.png]
[startours.co.uk/Content/Images/Adobe_176541985.png]
[startours.co.uk/Content/Images/Adobe_243396866.png]
[startours.co.uk/holidays/Coach-Holidays.html]
[startours.co.uk/Content/Images/Slides/dreamstime_xl_76744162_1920x700_1.jpg]
[startours.co.uk/Content/Images/Destinations/dreamstime_xxl_27769681_345x410_2.jpg]
[startours.co.uk/Content/Images/Destinations/dreamstime_xl_72534487_345x410_2.jpg]
[startours.co.uk/Content/Images/Destinations/Adobe_222434823_Switzerland_345x410.png]
[startours.co.uk/holidays/Duration-1-4-Days.html]
[startours.co.uk/Content/Images/Slides/dreamstime_m_98769109_1920x700_2.jpg]
[startours.co.uk/Content/Images/Destinations/Adobe_183379298_Dubai_345x410_3.png]
[startours.co.uk/Content/Images/Destinations/Swiss5754_345x410_1.jpg]
[startours.co.uk/tour/06-Days-Classic-Canada.html]
[startours.co.uk/Content/Images/Destinations/cANADA_345x410.jpg]
[startours.co.uk/Content/Images/Destinations/AdobeStock_123753788_345x410_2.png]
[startours.co.uk/Content/Images/Destinations/Swiss(30)_345x410.jpg]
[startours.co.uk/tour/06-Days-Spectacular-Spain.html]
[startours.co.uk/Content/Images/Destinations/AdobeStock_258778963_345x410_2.png]
[startours.co.uk/tour/07-days-eastern-europe.html]
[startours.co.uk/Content/Images/Destinations/dreamstime_xl_166496768_345x410.jpg]
[startours.co.uk/tour/Greece-Santorini.html]
[startours.co.uk/Content/Images/Destinations/dreamstime_xl_41806879_345x410.jpg]
[startours.co.uk/tour/07-Days-Historic-Agypt-2.html]
[startours.co.uk/Content/Images/Destinations/dreamstime_xl_147275448_345x410.jpg]
[startours.co.uk/tour/Imperial-Morocco.html]
[startours.co.uk/Content/Images/Destinations/dreamstime_xl_28882484_345x410.jpg]
[startours.co.uk/Content/Images/Slides/dreamstime_xl_56422417_345x410_1.jpg]
[startours.co.uk/tour/USA-West-Coast.html]
[startours.co.uk/Content/Images/Destinations/Page96-USAWestCoast-SmalImage4_345x410.jpg]
[startours.co.uk/tour/07-days-wonderful-turkey.html]
[startours.co.uk/Content/Images/Destinations/dreamstime_xl_153281908_345x410.jpg]
[startours.co.uk/tour/08-Days-Best-of-New-Zealand.html]
[startours.co.uk/Content/Images/Destinations/Cathedral-Cove_345x410.jpg]
[startours.co.uk/Content/Images/Destinations/dreamstime_l_48825888_345x410.jpg]
[startours.co.uk/holidays/Duration-5-8-Days.html]
[startours.co.uk/Content/Images/Slides/Adobe_282945273_Switzerland_1920x700_1.png]
[startours.co.uk/tour/09-Days-Best-of-Australia.html]
[startours.co.uk/Content/Images/Destinations/AdobeStock_160909564_345x410_2.png]
[startours.co.uk/tour/09-days-canadian-rockies.html]
[startours.co.uk/Content/Images/Slides/dreamstime_xl_53370362_345x410.jpg]
[startours.co.uk/tour/09-Days-Scenic-Scandinavia.html]
[startours.co.uk/Content/Images/Destinations/dreamstime_xl_40341529_345x410.jpg]
[startours.co.uk/Content/Images/Destinations/Swiss5754_345x410.jpg]
[startours.co.uk/tour/10-Days-Far-East-2.html]
[startours.co.uk/Content/Images/Slides/dreamstime_l_33571313_345x410.jpg]
[startours.co.uk/tour/10-Days-Vietnam-Cambodia.html]
[startours.co.uk/Content/Images/Slides/dreamstime_l_40397542_345x410.jpg]
[startours.co.uk/tour/11-Days-South-America.html]
[startours.co.uk/Content/Images/Slides/dreamstime_xxl_24317875_345x410_1.jpg]
[startours.co.uk/holidays/Duration-9-11-Days.html]
[startours.co.uk/Content/Images/Slides/dreamstime_l_109098568_1920x700_1.jpg]
[startours.co.uk/tour/US-Coast-to-Coast.html]
[startours.co.uk/Content/Images/Destinations/AdobeStock_89776597_345x410.png]
[startours.co.uk/Content/Images/Destinations/Mount-Taranaki_345x410.jpg]
[startours.co.uk/holidays/Duration-12-Days-Plus.html]
[startours.co.uk/Content/Images/Slides/AdobeStock_102965267.png]
[startours.co.uk/holidays/Flight-Holidays.html]
[startours.co.uk/Content/Images/Destinations/dreamstime_l_89861434_1920x700.jpg]
[startours.co.uk/holidays/Eurostar.html]
[startours.co.uk/Content/Images/Slides/dreamstime_xl_110765393_1920x700.jpg]
[startours.co.uk/holidays/North-and-South-America.html]
[startours.co.uk/Content/Images/Slides/Adobe_328997695_Scotland.png]
[startours.co.uk/Content/Images/Destinations/dreamstime_xl_47169103_345x410.jpg]
[startours.co.uk/holidays/UK-Holidays.html]
[startours.co.uk/holidays/Worldwide-Group-Holidays.html]
[startours.co.uk/Content/Images/Slides/Ayers-Rock_1920x700.jpg]
[startours.co.uk/Content/Images/Destinations/AdobeStock_327935377_345x410_1.png]
[startours.co.uk/Content/Images/Destinations/dreamstime_xl_19100962_345x410.jpg]
[startours.co.uk/Content/Images/Destinations/AdobeStock_160909564_345x410_1.png]
[startours.co.uk/Content/Images/Destinations/AdobeStock_229262268_345x410_1.png]
[startours.co.uk/Content/Images/Destinations/AdobeStock_176946998_Belgium_345x410_1.png]
[startours.co.uk/Content/Images/Slides/dreamstime_xxl_24317875_345x410.jpg]
[startours.co.uk/Content/Images/Destinations/AdobeStock_149809642_345x410_1.png]
[startours.co.uk/Content/Images/Destinations/dreamstime_xxl_51975280_345x410.jpg]
[startours.co.uk/Content/Images/Destinations/AdobeStock_188896072_345x410_1.png]
[startours.co.uk/Content/Images/Destinations/AdobeStock_270951574_345x410_1.png]
[startours.co.uk/Content/Images/Destinations/AdobeStock_464843652_345x410_1.png]
[startours.co.uk/Content/Images/Destinations/AdobeStock_476862118_345x410_1.png]
[startours.co.uk/Content/Images/Destinations/AdobeStock_184615188_345x410_1.png]
[startours.co.uk/Content/Images/Destinations/Adobe_290052478_France_345x410_2.png]
[startours.co.uk/Content/Images/Destinations/AdobeStock_115341122_345x410_2.png]
[startours.co.uk/Content/Images/Destinations/AdobeStock_79583406_345x410_2.png]
[startours.co.uk/Content/Images/Destinations/Adobe_78367500_Iceland_345x410_3.png]
[startours.co.uk/Content/Images/Destinations/AdobeStock_98167076_345x410_3.png]
[startours.co.uk/Content/Images/Destinations/AdobeStock_250052648_345x410_1.png]
[startours.co.uk/Content/Images/Destinations/AdobeStock_127442274_Liechtenstein_345x410_1.png]
[startours.co.uk/Content/Images/Destinations/luxembourg_345x410.jpg]
[startours.co.uk/Content/Images/Slides/malaysia_345x410.jpg]
[startours.co.uk/Content/Images/Destinations/AdobeStock_134010278_345x410_1.png]
[startours.co.uk/Content/Images/Destinations/AdobeStock_160853928_345x410_1.png]
[startours.co.uk/Content/Images/Destinations/AdobeStock_62592030_345x410_2.png]
[startours.co.uk/Content/Images/Destinations/AdobeStock_189617811_345x410_1.png]
[startours.co.uk/Content/Images/Slides/dreamstime_l_110067560_345x410.jpg]
[startours.co.uk/Content/Images/Destinations/AdobeStock_123753788_345x410_1.png]
[startours.co.uk/Content/Images/Destinations/Adobe_328997695_Scotland_345x410_1.png]
[startours.co.uk/Content/Images/Destinations/AdobeStock_258778963_345x410_1.png]
[startours.co.uk/Content/Images/Destinations/AdobeStock_79583406_345x410_3.png]
[startours.co.uk/Content/Images/Destinations/AdobeStock_275911167_345x410_2.png]
[startours.co.uk/Content/Images/Destinations/dreamstime_m_39733349_345x410.jpg]
[startours.co.uk/Content/Images/Destinations/AdobeStock_571484268_345x410_1.png]
[startours.co.uk/Content/Images/Destinations/AdobeStock_567860744_345x410_4.png]
[startours.co.uk/Content/Images/Destinations/AdobeStock_89776597_345x410_1.png]
[startours.co.uk/Content/Images/Destinations/AdobeStock_129213604_345x410_1.png]
[startours.co.uk/Content/Images/Untitled-1_467x550_13.png]
[startours.co.uk/destinations.html]
[startours.co.uk/Content/Images/Slides/dreamstime_l_38853830_1920x700.jpg]
[startours.co.uk/destinations/abu-dhabi.html]
[startours.co.uk/Content/Images/Slides/dreamstime_xxl_41849680_1920x700.jpg]
[startours.co.uk/destinations/argentina.html]
[startours.co.uk/Content/Images/Slides/dreamstime_l_43833484_1920x700.jpg]
[startours.co.uk/destinations/australia.html]
[startours.co.uk/Content/Images/Slides/dreamstime_l_18050046_1920x700.jpg]
[startours.co.uk/destinations/austria.html]
[startours.co.uk/Content/Images/Slides/dreamstime_m_98769109_1920x700_1.jpg]
[startours.co.uk/destinations/belgium.html]
[startours.co.uk/Content/Images/Slides/dreamstime_xl_74305563_1920x700.jpg]
[startours.co.uk/destinations/brazil.html]
[startours.co.uk/Content/Images/Slides/dreamstime_l_40397542_1920x700.jpg]
[startours.co.uk/destinations/cambodia.html]
[startours.co.uk/Content/Images/Slides/dreamstime_l_85168809_1920x700.jpg]
[startours.co.uk/destinations/canada.html]
[startours.co.uk/Content/Images/Slides/AdobeStock_303254286_1920x700_1.png]
[startours.co.uk/destinations/china.html]
[startours.co.uk/Content/Images/Slides/dreamstime_l_56933227_1920x700_1.jpg]
[startours.co.uk/destinations/czech-republic.html]
[startours.co.uk/Content/Images/Slides/dreamstime_l_107133171_1920x700.jpg]
[startours.co.uk/destinations/denmark.html]
[startours.co.uk/Content/Images/Slides/dreamstime_xl_4374888_1920x700.jpg]
[startours.co.uk/destinations/egypt.html]
[startours.co.uk/Content/Images/Slides/dreamstime_l_33718725(1)_1920x700_1.jpg]
[startours.co.uk/destinations/finland.html]
[startours.co.uk/Content/Images/Destinations/dreamstime_xxl_75662747_1920x700.jpg]
[startours.co.uk/Content/Images/Destinations/AdobeStock_102965267.png]
[startours.co.uk/Content/Images/Destinations/dreamstime_xl_72534487_467x550.jpg]
[startours.co.uk/Content/Images/Destinations/dreamstime_xl_161262963_467x550.jpg]
[startours.co.uk/Content/Images/Destinations/Adobe_367793673_France_467x550_3.png]
[startours.co.uk/Content/Images/Destinations/dreamstime_xl_40362552_467x550.jpg]
[startours.co.uk/Content/Images/Destinations/AdobeStock_145985341.png]
[startours.co.uk/Content/Images/Destinations/MediumA5-RenderoftwoEurostartrainsfacingoneanotheronaplatform-digital_467x550.jpg]
[startours.co.uk/Content/Images/Destinations/dreamstime_l_26245271_467x550.jpg]
[startours.co.uk/Content/Images/Destinations/AdobeStock_567860744_467x550_2.png]
[startours.co.uk/Content/Images/Destinations/AdobeStock_89776597_467x550_2.png]
[startours.co.uk/Content/Images/Untitled-1_467x550_14.png]
[startours.co.uk/Content/Images/313327958_10161952965452506_1694018066291998753_n_467x550_1.jpg]
[startours.co.uk/holidays.html]
[startours.co.uk/Content/Images/Slides/Shutterstock_454545341.png]
[startours.co.uk/destinations/france.html]
[startours.co.uk/Content/Images/Slides/AdobeStock_127442274_Liechtenstein.png]
[startours.co.uk/destinations/germany.html]
[startours.co.uk/destinations/holland.html]
[startours.co.uk/Content/Images/Slides/AdobeStock_79583406_Hungary.png]
[startours.co.uk/destinations/hungary.html]
[startours.co.uk/Content/Images/Slides/Adobe_203855830.png]
[startours.co.uk/destinations/iceland.html]
[startours.co.uk/Content/Images/Slides/AdobeStock_98167076_1920x700.png]
[startours.co.uk/destinations/italy.html]
[startours.co.uk/Content/Images/Slides/AdobeStock_303254286_1920x700_2.png]
[startours.co.uk/destinations/japan.html]
[startours.co.uk/Content/Images/Slides/dreamstime_l_20352831_1920x700.jpg]
[startours.co.uk/destinations/liechtenstein.html]
[startours.co.uk/Content/Images/Destinations/luxembourg_1920x700.jpg]
[startours.co.uk/destinations/luxembourg.html]
[startours.co.uk/Content/Images/Slides/malaysia_1920x700.jpg]
[startours.co.uk/destinations/malaysia.html]
[startours.co.uk/Content/Images/Slides/dreamstime_l_142003736_1920x700.jpg]
[startours.co.uk/destinations/monaco.html]
[startours.co.uk/Content/Images/Slides/dreamstime_l_35317076_1920x700.jpg]
[startours.co.uk/destinations/morocco.html]
[startours.co.uk/destinations/netherlands.html]
[startours.co.uk/Content/Images/Slides/dreamstime_l_81082110_1920x700_1.jpg]
[startours.co.uk/destinations/new-zealand.html]
[startours.co.uk/Content/Images/Slides/dreamstime_xl_116999674_1920x700.jpg]
[startours.co.uk/destinations/peru.html]
[startours.co.uk/Content/Images/Slides/dreamstime_l_116408517_1920x700.jpg]
[startours.co.uk/destinations/poland.html]
[startours.co.uk/Content/Images/Slides/AdobeStock_122515021_1920x700_3.png]
[startours.co.uk/destinations/scotland.html]
[startours.co.uk/Content/Images/Slides/dreamstime_l_268956962_1920x700.jpg]
[startours.co.uk/destinations/spain.html]
[startours.co.uk/Content/Images/Slides/dreamstime_l_49280196_1920x700.jpg]
[startours.co.uk/destinations/sweden.html]
[startours.co.uk/Content/Images/Slides/Adobe_282945273_Switzerland_1920x700.png]
[startours.co.uk/destinations/switzerland.html]
[startours.co.uk/Content/Images/Slides/dreamstime_l_37076344_1920x700.jpg]
[startours.co.uk/destinations/thailand.html]
[startours.co.uk/destinations/turkey.html]
[startours.co.uk/Content/Images/Slides/AdobeStock_122515021_1920x700_2.png]
[startours.co.uk/destinations/united-kingdom.html]
[startours.co.uk/Content/Images/Slides/AdobeStock_89776597.png]
[startours.co.uk/destinations/united-states.html]
[startours.co.uk/Content/Images/Slides/dreamstime_l_81350712_1920x700.jpg]
[startours.co.uk/destinations/vietnam.html]
[startours.co.uk/Content/Images/Slides/AdobeStock_79583406_Hungary_1920x700.png]
[startours.co.uk/visas/schengen-visa-guide.html]
[startours.co.uk/visas/schengen-visa-italian-consulate.html]
[startours.co.uk/visas/dutch-consulate.html]
[startours.co.uk/Content/Images/Untitled-1_467x550_15.png]
[startours.co.uk/Content/Images/356010879_6678059445547041_1115325480988066584_n_467x550.jpg]
[startours.co.uk/Content/Images/313327958_10161952965452506_1694018066291998753_n_467x550.jpg]
[startours.co.uk/visas.html]
[startours.co.uk/Content/Images/Slides/WhatsAppImage2023-09-30at14.20.50_2e2de84f_1920x700_1.jpg]
[startours.co.uk/Content/Images/Slides/WhatsAppImage2023-07-14at20.19.41_1920x700.jpg]
[startours.co.uk/tour/Best-of-Europe-2.html]
[startours.co.uk/Content/Images/dreamstime_xl_148463684_720x500.jpg]
[startours.co.uk/Content/Images/Slides/WhatsAppImage2023-09-20at12.51.09_710x550.jpg]
[startours.co.uk/Content/Images/Slides/WhatsAppImage2023-07-14at20.19.41_710x550.jpg]
[startours.co.uk/Content/Images/Untitled-1_467x550_19.png]
[startours.co.uk/Content/Images/358674833_6731962813490037_6696375790218157040_n_467x550.jpg]
[startours.co.uk/Content/Images/350943526_641488980810934_2744345314130170982_n_467x550.jpg]
[startours.co.uk/chauffeured-coach-and-minibus-hire.html]
[startours.co.uk/Content/Images/Slides/Adobe_375567035_Iceland_1920x700.png]
[startours.co.uk/tour/08-Days-Irresistible-Iceland.html]
[startours.co.uk/Content/Images/Untitled-1_467x550_17.png]
[startours.co.uk/general-information.html]
[startours.co.uk/Content/Images/Slides/AdobeStock_415878107_1920x700.png]
[startours.co.uk/Content/Documents/BankDetail.pdf]
[startours.co.uk/Content/Images/Untitled-1_467x550_16.png]
[startours.co.uk/Content/Downloads/fd3c2f2e-0f4f-4cae-a90c-8febd665d272_467x550.jpg]
[startours.co.uk/how-to-book.html]
[startours.co.uk/Content/Images/Slides/Adobe_282945273_Switzerland_1920x1080.png]
[startours.co.uk/Content/Awards - BTA & WTA/europes-leading-tour-operator-2023-winner-shield-128_360x360_8.png]
[startours.co.uk/Content/Awards - BTA & WTA/16.png]
[startours.co.uk/Content/Awards - BTA & WTA/2021-22-1.png]
[startours.co.uk/Content/Awards - BTA & WTA/2021-22-2.png]
[startours.co.uk/Content/Awards - BTA & WTA/2021-22-3.png]
[startours.co.uk/Content/Awards - BTA & WTA/2021-22-4.png]
[startours.co.uk/Content/Awards - BTA & WTA/2021-22-5.png]
[startours.co.uk/Content/Awards - BTA & WTA/2020-1.png]
[startours.co.uk/Content/Awards - BTA & WTA/2020-2.png]
[startours.co.uk/Content/Awards - BTA & WTA/2020-3.png]
[startours.co.uk/Content/Awards - BTA & WTA/2020-4.png]
[startours.co.uk/Content/Awards - BTA & WTA/2019-1.png]
[startours.co.uk/Content/Awards - BTA & WTA/2019-2.png]
[startours.co.uk/Content/Awards - BTA & WTA/2019-3.png]
[startours.co.uk/Content/Awards - BTA & WTA/2019-4.png]
[startours.co.uk/Content/Awards - BTA & WTA/2019-5.png]
[startours.co.uk/Content/Awards - BTA & WTA/2018-1.png]
[startours.co.uk/Content/Images/Untitled-1_467x550_12.png]
[startours.co.uk/Content/Images/Adobe_243396866_467x550_1.png]
[startours.co.uk/awards-and-accreditations.html]
[startours.co.uk/Content/Images/Slides/AdobeStock_122515021_1920x1080.png]
[startours.co.uk/Content/Images/ee91cace-223c-4354-afee-b59a32072d09_720x500.jpg]
[startours.co.uk/Content/Images/Adobe_275100619_Couple.png]
[startours.co.uk/Content/Images/AdobeStock_184615188_720x500.png]
[startours.co.uk/Content/Images/313327958_10161952965452506_1694018066291998753_n_720x500.jpg]
[startours.co.uk/Content/Images/Untitled-1_467x550_10.png]
[startours.co.uk/Content/Images/AdobeStock_124586851_467x550.png]
[startours.co.uk/Content/Images/Adobe_243396866_467x550.png]
[startours.co.uk/about-us.html]
[startours.co.uk/Content/Images/Slides/Adobe_124244930_Spain_1920x700.png]
[startours.co.uk/frequently-asked-questions/tour-questions/preparing-for-your-tour.html]
[startours.co.uk/frequently-asked-questions/tour-questions/travelling-with-a-child.html]
[startours.co.uk/frequently-asked-questions/tour-questions/tour-managers.html]
[startours.co.uk/frequently-asked-questions/tour-questions/hotels.html]
[startours.co.uk/frequently-asked-questions/tour-questions/food.html]
[startours.co.uk/frequently-asked-questions/tour-questions/transportation.html]
[startours.co.uk/frequently-asked-questions/tour-questions/on-tour.html]
[startours.co.uk/frequently-asked-questions/booking-questions/making-a-booking.html]
[startours.co.uk/frequently-asked-questions/booking-questions/payments.html]
[startours.co.uk/frequently-asked-questions/booking-questions/reductions-and-discounts.html]
[startours.co.uk/frequently-asked-questions/booking-questions/cancellation.html]
[startours.co.uk/frequently-asked-questions/loyalty-program/loyalty-stars.html]
[startours.co.uk/frequently-asked-questions/visa-questions/schengen-visas.html]
[startours.co.uk/frequently-asked-questions/general-information/complaints.html]
[startours.co.uk/frequently-asked-questions/general-information/bonding.html]
[startours.co.uk/frequently-asked-questions/general-information/refund-policy.html]
[startours.co.uk/frequently-asked-questions.html]
[startours.co.uk/frequently-asked-questions/general-information/general.html]
[startours.co.uk/Content/Images/Slides/AdobeStock_46322190_1920x700.png]
[startours.co.uk/Content/Downloads/2024_broucher_UK.pdf]
[startours.co.uk/Content/Downloads/USD_Brochure_24.pdf]
[startours.co.uk/Content/Downloads/VisaDeclaration.pdf]
[startours.co.uk/Content/Downloads/PassportSizePhotos.pdf]
[startours.co.uk/Content/Downloads/SampleEmployersLetter.pdf]
[startours.co.uk/Content/Downloads/SampleUniversityLetter.pdf]
[startours.co.uk/Content/Downloads/SampleSchoolLetter.pdf]
[startours.co.uk/Content/Downloads/AccountantLetterSample-SelfEmployed(Updated).pdf]
[startours.co.uk/Content/Downloads/CustomerPostageChecklist.pdf]
[startours.co.uk/Content/Downloads/gbp-booking-form.pdf]
[startours.co.uk/Content/Downloads/usd-booking-form.pdf]
[startours.co.uk/download.html]
[startours.co.uk/Content/Logos/Star_Tours_Logo_Black.png]
[startours.co.uk/pick-up-points.html]
[startours.co.uk/Content/Downloads/1920x700_Black_BTA09_1920x700.jpg]
[startours.co.uk/Content/Downloads/1920x700_Black_BTA07_1920x700.jpg]
[startours.co.uk/Content/Downloads/1920x700_Black_BTA06_1920x700.jpg]
[startours.co.uk/Content/Downloads/1920x700_Black_BTA05_1920x700.jpg]
[startours.co.uk/Content/Downloads/1920x700_Black_BTA04_1920x700.jpg]
[startours.co.uk/Content/Downloads/1920x700_Black_BTA03_1920x700.jpg]
[startours.co.uk/Content/Downloads/1920x700_Black_BTA02_1920x700.jpg]
[startours.co.uk/Content/Downloads/1920x700_Black_BTA01_1920x700.jpg]
[startours.co.uk/Content/Downloads/1920x700_Black_BTA10_1920x700.jpg]
[startours.co.uk/Content/Images/500-1.1_467x550_1.png]
[startours.co.uk/Content/Images/WhatsAppImage2023-07-14at20.19.41_467x550_1.jpg]
[startours.co.uk/Content/Images/242521_508785245815902_1996108918_o_467x550_1.jpg]
[startours.co.uk/vote-for-us.html]
[startours.co.uk/indexedd7.html]
[startours.co.uk/index0490.html]
[startours.co.uk/indexbb7b.html]
[startours.co.uk/Content/Images/Slides/dreamstime_xl_74748807_1920x1080.jpg]
[cdnjs.cloudflare.com/ajax/libs/fancybox/3.5.7/jquery.fancybox.min.css]
[code.jquery.com/jquery-3.6.0.min.js]
[startours.co.uk/tour/Best-of-Europe-with-Disney-2.html]
[cdnjs.cloudflare.com/ajax/libs/fancybox/3.5.7/jquery.fancybox.min.js]
[cdnjs.cloudflare.com/ajax/libs/moment.js/2.29.1/moment.min.js]
[startours.co.uk/Content/Images/Slides/dreamstime_xl_211672497_1920x1080.jpg]
[startours.co.uk/tour/04-Days-Historic-Scotland.html]
[startours.co.uk/Content/Images/Slides/dreamstime_xl_98823420_1920x1080_2.jpg]
[startours.co.uk/tour/05-Days-Panoramic-Europe.html]
[startours.co.uk/Content/Images/Slides/DisneyParis3_1920x1080.jpg]
[startours.co.uk/tour/04-Days-Disneyland-Special.html]
[startours.co.uk/Content/Images/Slides/dreamstime_xl_45038689_1920x1080_2.jpg]
[startours.co.uk/tour/09-Days-Treasures-of-Europe.html]
[startours.co.uk/Content/Images/Slides/dreamstime_xl_108033615_1920x1080.jpg]
[startours.co.uk/tour/01-Day-London-Sightseeing.html]
[startours.co.uk/Content/Images/Destinations/dreamstime_xl_103320030_1920x1080.jpg]
[startours.co.uk/tour/05-Days-Charms-of-Europe.html]
[startours.co.uk/Content/Images/Slides/dreamstime_xl_65447353_1920x1080.jpg]
[startours.co.uk/tour/05-Days-Scottish-Highlands.html]
[startours.co.uk/Content/Images/Slides/dreamstime_xl_38223416_1920x1080.jpg]
[startours.co.uk/tour/02-Days-Scenic-Snowdonia.html]
[startours.co.uk/Content/Images/Slides/dreamstime_xl_44937792_1920x1080.jpg]
[startours.co.uk/tour/03-Days-Devon-Cornwall.html]
[startours.co.uk/Content/Images/Destinations/dreamstime_xl_35189989_1920x1080.jpg]
[startours.co.uk/tour/03-Days-Paris-Three-Days.html]
[startours.co.uk/Content/Images/Slides/dreamstime_xl_59558966_1920x1080.jpg]
[startours.co.uk/tour/04-Days-Paris-Four-Days.html]
[startours.co.uk/Content/Images/Slides/dreamstime_xl_144592449_1920x1080.jpg]
[startours.co.uk/tour/03-Days-Northern-Landscapes.html]
[startours.co.uk/Content/Images/Slides/swiss(8)_1920x1080_1.jpg]
[startours.co.uk/tour/06-Days-Scenic-Swiss.html]
[startours.co.uk/Content/Images/Slides/Holland424213_1920x1080_1.jpg]
[startours.co.uk/tour/03-Days-Holland-Belgium-By-Eurostar.html]
[startours.co.uk/Content/Images/Slides/Swiss(42)_1920x1080.jpg]
[startours.co.uk/tour/09-Days-Swiss-Paris.html]
[startours.co.uk/Content/Images/Slides/dreamstime_xl_64839731_1920x1080_1920x1080.jpg]
[startours.co.uk/tour/06-Days-Italy-By-Flight.html]
[startours.co.uk/Content/Images/Slides/Adobe_282945273_Switzerland_1920x1080_2.png]
[startours.co.uk/tour/04-Days-Swiss-Special-2022.html]
[startours.co.uk/Content/Images/Destinations/Swiss5754_1920x1080.jpg]
[startours.co.uk/tour/09-Days-Discover-Europe-without-Disney.html]
[startours.co.uk/Content/Images/Slides/AdobeStock_303254286_1920x1080_1.png]
[startours.co.uk/tour/08-Days-Scenic-Japan.html]
[startours.co.uk/Content/Images/Slides/dreamstime_xl_59558966_1920x1080_2.jpg]
[startours.co.uk/tour/05-Days-Panoramic-Europe-by-Eurostar.html]
[startours.co.uk/Content/Images/Slides/dreamstime_xl_63148709_1920x1080.jpg]
[startours.co.uk/tour/07-Days-Lakes-Valleys.html]
[startours.co.uk/Content/Images/Slides/dreamstime_xl_116215256_1920x1080_1.jpg]
[startours.co.uk/tour/05-Discover-Dubai-2.html]
[startours.co.uk/Content/Images/Destinations/hd07502_1920x1080.jpg]
[startours.co.uk/tour/03-Days-Paris-via-Eurostar.html]
[startours.co.uk/Content/Images/Slides/dreamstime_xl_56422417_1920x1080.jpg]
[startours.co.uk/tour/USA-East-Coast.html]
[startours.co.uk/Content/Images/Slides/dreamstime_xl_87505446_1920x1080.jpg]
[startours.co.uk/tour/Australia-New-Zealand.html]
[startours.co.uk/payment-details.html]
[startours.co.uk/Content/Images/Slides/AdobeStock_270951574_Czech_Republic_1920x1080_1.png]
[startours.co.uk/Content/Images/AdobeStock_52461582_720x500_1.png]
[startours.co.uk/Content/Images/AdobeStock_571922447_720x500_3.png]
[startours.co.uk/Content/Images/Untitled-1_467x550_22.png]
[startours.co.uk/Content/Images/Adobe_176541985_467x550_3.png]
[startours.co.uk/groups-and-communities.html]
[startours.co.uk/Content/Images/Slides/AdobeStock_199562316_1920x700_1.png]
[startours.co.uk/Content/Images/AdobeStock_124586851_720x500_1.png]
[startours.co.uk/Content/Images/dreamstime_xl_213800508_1440x650.jpg]
[startours.co.uk/Content/Images/Untitled-1_467x550_21.png]
[startours.co.uk/Content/Images/Adobe_176541985_467x550_2.png]
[startours.co.uk/Content/Images/Adobe_243396866_467x550_2.png]
[startours.co.uk/careers.html]
[startours.co.uk/cookie-policy.html]
[startours.co.uk/privacy-policy.html]
[startours.co.uk/terms-and-conditions.html]
[startours.co.uk/restserver.php]
[startours.co.uk/ABCDEFGHIJKLMNOPQRSTUVWXYZabcdefghijklmnopqrstuvwxyz0123456789+/index.html]
[connect.facebook.net/en_GB/sdk/xfbml.customerchat.js]
[startours.co.uk/fonts/fa-brands-400.svg]
[startours.co.uk/fonts/fa-duotone-900.html]
[startours.co.uk/fonts/fa-duotone-900d41d.html]
[startours.co.uk/fonts/fa-duotone-901.html]
[startours.co.uk/fonts/fa-duotone-902.html]
[startours.co.uk/fonts/fa-duotone-903.html]
[startours.co.uk/fonts/fa-duotone-904.html]
[startours.co.uk/fonts/fa-light-300.svg]
[startours.co.uk/fonts/fa-regular-400.svg]
[startours.co.uk/fonts/fa-solid-900.svg]
[startours.co.uk/virtual/bundles/ajax-loader.html]
[startours.co.uk/virtual/bundles/fonts/slick.html]
[startours.co.uk/virtual/bundles/fonts/slickd41d.html]
[startours.co.uk/virtual/bundles/fonts/slick-2.html]
[startours.co.uk/virtual/bundles/fonts/slick-3.html]
[startours.co.uk/virtual/bundles/fonts/slick-4.html]
[p.typekit.net/p7f87.css]
[startours.co.uk/a.html]
[startours.co.uk/POST.html]
[startours.co.uk/schema.org]
[startours.co.uk/schema.org/index.html]
[startours.co.uk/b.html]
[startours.co.uk/signals/iwl.html]
[startours.co.uk/xhr.html]
[startours.co.uk/GET.html]
[startours.co.uk/lib/widget-management.html]
[startours.co.uk/cdn-cgi/l/email-protection.html]
[startours.co.uk/Content/Images/Slides/dreamstime_l_142003736_1920x1080.jpg]
[startours.co.uk/tour/10-Days-Wonders-of-Europe.html]
[startours.co.uk/Content/Images/Slides/Blackpool_1920x1080.jpg]
[startours.co.uk/tour/01-Day-Blackpool-Pleasure-Beach.html]
[startours.co.uk/Content/Images/Slides/dreamstime_l_59502196_1920x1080_1.jpg]
[startours.co.uk/tour/01-day-bournemouth-durdle-door.html]
[startours.co.uk/Content/Images/Slides/dreamstime_xl_32297009_1920x1080.jpg]
[startours.co.uk/tour/01-Day-Isle-of-Wight.html]
[startours.co.uk/Content/Images/Slides/dreamstime_xl_45043096_1920x1080.jpg]
[startours.co.uk/tour/01-Day-Cotswold.html]
[startours.co.uk/Content/Images/Slides/dreamstime_xl_56792805_1920x1080.jpg]
[startours.co.uk/tour/01-Day-Windsor-Stonehenge-Bath.html]
[startours.co.uk/Content/Images/Destinations/dreamstime_xxl_27769681_1920x1080.jpg]
[startours.co.uk/tour/03-Days-Essence-of-Holland-Belgium.html]
[startours.co.uk/Content/Images/Slides/dreamstime_xl_211672497_1920x1080_1.jpg]
[startours.co.uk/tour/03-Days-Jewels-of-Scotland-England.html]
[startours.co.uk/Content/Images/Destinations/dreamstime_xl_48059771_1920x1080.jpg]
[startours.co.uk/tour/03-Days-Lake-District.html]
[startours.co.uk/Content/Images/Slides/dreamstime_xl_34006495_1920x1080.jpg]
[startours.co.uk/tour/London-Package.html]
[startours.co.uk/Content/Images/Slides/dreamstime_xl_59558966_1920x1080_1.jpg]
[startours.co.uk/tour/03-Days-Paris-City-Break.html]
[startours.co.uk/Content/Images/Slides/dreamstime_xl_76744162_1920x1080.jpg]
[startours.co.uk/tour/04-Days-Serene-Europe.html]
[startours.co.uk/tour/05-days-charms-of-europe-2.html]
[startours.co.uk/Content/Images/Slides/CliffWalk_Nacht(3)_1920x1080_1.jpg]
[startours.co.uk/tour/05-Days-Swiss-Alpine.html]
[startours.co.uk/Content/Images/Slides/CliffWalk_Nacht(3)_1920x1080_2.jpg]
[startours.co.uk/tour/05-Days-Swiss-Express.html]
[startours.co.uk/Content/Images/Slides/dreamstime_xl_76744078_1920x1080.jpg]
[startours.co.uk/tour/05-Days-Three-Capitals-with-Disney.html]
[startours.co.uk/Content/Images/Slides/Holland424213_1920x1080.jpg]
[startours.co.uk/tour/05-Days-Three-Capitals.html]
[startours.co.uk/Content/Images/Slides/dreamstime_xl_14879549_1920x1080.jpg]
[startours.co.uk/tour/best-of-europe.html]
[startours.co.uk/Content/Images/Slides/dreamstime_xl_35189989_1920x1080.jpg]
[startours.co.uk/tour/07-Days-European-Highlights-with-Disney.html]
[startours.co.uk/Content/Images/Slides/dreamstime_xl_44904910_1920x1080_1.jpg]
[startours.co.uk/tour/07-Days-European-Highlights.html]
[startours.co.uk/Content/Images/Slides/CliffWalk_Nacht(3)_1920x1080.jpg]
[startours.co.uk/tour/09-Days-Discover-Europe.html]
[startours.co.uk/Content/Images/Slides/dreamstime_xl_45038689_1920x1080_1.jpg]
[startours.co.uk/tour/12-Days-European-Delights-with-Disney.html]
[startours.co.uk/Content/Images/Slides/dreamstime_xl_5013885_1920x1080.jpg]
[startours.co.uk/tour/12-Days-European-Delights-without-Disney.html]
[startours.co.uk/Content/Images/Slides/dreamstime_xl_98823420_1920x1080_1.jpg]
[startours.co.uk/tour/14-Days-Majestic-Europe-with-Disney.html]
[startours.co.uk/Content/Images/Slides/dreamstime_xl_44904910_1920x1080.jpg]
[startours.co.uk/tour/14-Days-Majestic-Europe-without-Disney.html]
[startours.co.uk/Content/Images/Slides/AdobeStock_98167076_1920x1080_2.png]
[startours.co.uk/tour/15-Days-All-of-Europe.html]
[startours.co.uk/Content/Images/Slides/dreamstime_m_98769109_1920x1080.jpg]
[cdn.startours.co.uk/mjepdistancechart.294.delayed]
[startours.co.uk/tour/16-Days-Splendours-of-Europe-with-Disney.html]
[startours.co.uk/Content/Images/Slides/dreamstime_xl_81343894_1920x1080.jpg]
[startours.co.uk/tour/16-Days-Splendours-of-Europe.html]
[startours.co.uk/Content/Images/Slides/dreamstime_xl_64839731_1920x1080.jpg]
[cdn.startours.co.uk/GNEP Distance Chart.297.delayed]
[startours.co.uk/tour/18-Days-Grand-Europe-with-Disney.html]
[startours.co.uk/Content/Images/Slides/dreamstime_xl_98823420_1920x1080.jpg]
[startours.co.uk/tour/18-days-Grand-Europe.html]
[startours.co.uk/Content/Images/Destinations/cANADA_1920x1080.jpg]
[startours.co.uk/tour/06-Days-Classic-Canada.html]
[startours.co.uk/Content/Images/Slides/dreamstime_l_268956962_1920x1080.jpg]
[startours.co.uk/tour/06-Days-Spectacular-Spain.html]
[startours.co.uk/Content/Images/Slides/dreamstime_xxl_125190982_1920x1080.jpg]
[startours.co.uk/tour/07-days-eastern-europe.html]
[startours.co.uk/Content/Images/Slides/dreamstime_l_94872653(1)_1920x1080.jpg]
[startours.co.uk/tour/Greece-Santorini.html]
[startours.co.uk/Content/Images/Slides/dreamstime_xl_156548077_1920x1080_1.jpg]
[startours.co.uk/tour/07-Days-Historic-Agypt-2.html]
[startours.co.uk/Content/Images/Slides/dreamstime_xxl_19566394_1920x1080.jpg]
[startours.co.uk/tour/Imperial-Morocco.html]
[startours.co.uk/Content/Images/Destinations/Page96-USAWestCoast-SmalImage2_1920x1080.jpg]
[startours.co.uk/tour/USA-West-Coast.html]
[startours.co.uk/Content/Images/Slides/dreamstime_l_166868516_1920x1080.jpg]
[startours.co.uk/tour/07-days-wonderful-turkey.html]
[startours.co.uk/Content/Images/Destinations/Milford-Sound_1920x1080.jpg]
[startours.co.uk/tour/08-Days-Best-of-New-Zealand.html]
[startours.co.uk/Content/Images/Slides/dreamstime_l_43833484_1920x1080.jpg]
[startours.co.uk/tour/09-Days-Best-of-Australia.html]
[startours.co.uk/Content/Downloads/dreamstime_l_289939610_1920x1080_1.jpg]
[startours.co.uk/tour/09-days-canadian-rockies.html]
[startours.co.uk/Content/Images/Slides/dreamstime_xl_133961398_1920x1080.jpg]
[startours.co.uk/tour/09-Days-Scenic-Scandinavia.html]
[startours.co.uk/Content/Images/Slides/dreamstime_l_33571313_1920x1080_1.jpg]
[startours.co.uk/tour/10-Days-Far-East-2.html]
[startours.co.uk/Content/Images/Slides/dreamstime_l_40397542_1920x1080.jpg]
[startours.co.uk/tour/10-Days-Vietnam-Cambodia.html]
[startours.co.uk/Content/Images/Slides/dreamstime_l_110067560_1920x1080.jpg]
[startours.co.uk/tour/11-Days-South-America.html]
[startours.co.uk/Content/Images/Slides/dreamstime_l_55701357_1920x1080.jpg]
[startours.co.uk/tour/US-Coast-to-Coast.html]
[startours.co.uk/Content/Images/Slides/AdobeStock_303254286_1920x700.png]
[startours.co.uk/Content/Images/Slides/AdobeStock_127442274_Liechtenstein_1920x700.png]
[startours.co.uk/visas/tour/14-Days-Majestic-Europe-with-Disney.2ab.delayed]
[startours.co.uk/Content/Images/tick-table.png]
[startours.co.uk/Content/Images/500-1.1_467x550.png]
[startours.co.uk/visas/schengen-visa-guide.html]
[startours.co.uk/visas/schengen-visa-italian-consulate.html]
[startours.co.uk/Content/Images/Destinations/dreamstime_xxl_27769681_1920x700.jpg]
[startours.co.uk/visas/dutch-consulate.html]
[startours.co.uk/tour/Best-of-Europe-2.html]
[startours.co.uk/Content/Images/Slides/dreamstime_xl_161202079_1920x1080.jpg]
[startours.co.uk/tour/08-Days-Irresistible-Iceland.html]
[startours.co.uk/frequently-asked-questions/tour-questions/preparing-for-your-tour.html]
[startours.co.uk/frequently-asked-questions/tour-questions/travelling-with-a-child.html]
[startours.co.uk/frequently-asked-questions/tour-questions/tour-managers.html]
[startours.co.uk/frequently-asked-questions/tour-questions/hotels.html]
[startours.co.uk/frequently-asked-questions/tour-questions/food.html]
[startours.co.uk/frequently-asked-questions/tour-questions/transportation.html]
[startours.co.uk/frequently-asked-questions/tour-questions/on-tour.html]
[startours.co.uk/frequently-asked-questions/booking-questions/making-a-booking.html]
[startours.co.uk/frequently-asked-questions/booking-questions/payments.html]
[startours.co.uk/frequently-asked-questions/booking-questions/reductions-and-discounts.html]
[startours.co.uk/frequently-asked-questions/booking-questions/cancellation.html]
[startours.co.uk/frequently-asked-questions/loyalty-program/loyalty-stars.html]
[startours.co.uk/frequently-asked-questions/visa-questions/schengen-visas.html]
[startours.co.uk/frequently-asked-questions/general-information/complaints.html]
[startours.co.uk/frequently-asked-questions/general-information/bonding.html]
[startours.co.uk/frequently-asked-questions/general-information/refund-policy.html]
[startours.co.uk/frequently-asked-questions/general-information/general.html]
[cdnjs.cloudflare.com/ajax/libs/fancybox/3.5.7/jquery.fancybox.min.css]
[startours.co.uk/tour]
[startours.co.uk/tour/index.html]
[startours.co.uk/_http_/www.websitename.co.uk/_.html]
[startours.co.uk/chrome-extension_/index.html]
[startours.co.uk/ABCDEFGHIJKLMNOPQRSTUVWXYZabcdefghijklmnopqrstuvwxyz0123456789+/index.html]
[startours.co.uk/^([^_/indexd41d.html]
[startours.co.uk/restserver.html]
[startours.co.uk/dialog.2b3.delayed]
[startours.co.uk/dialog/index.html]
[startours.co.uk/LiveChatEvent]
[startours.co.uk/LiveChatEvent/index.html]
[startours.co.uk/rsrc.php]
[startours.co.uk/rsrc.php/index.html]
[startours.co.uk/schema.html]
[cdn.startours.co.uk/mjepdistancechart.html]
[cdn.startours.co.uk/GNEP Distance Chart.html]
[startours.co.uk/visas/_tel_0208.html]
[startours.co.uk/visas/tour/14-Days-Majestic-Europe-with-Disney.html]
[startours.co.uk/tour.html]
[startours.co.uk/tour/06 Days-Scenic Swiss.html]
[startours.co.uk/dialog.html]
[startours.co.uk/LiveChatEvent.html]
[startours.co.uk/rsrc.html]
[prod3si.click4assistance.co.uk/JS/ChatWidget.js]
[prod3si.click4assistance.co.uk/JS/TrackProactive.js]
